
> build
> vite build && tsc --noEmit

vite v7.3.1 building client environment for production...
transforming...
✓ 2068 modules transformed.
rendering chunks...
[plugin vite:reporter] 
(!)  /home/engine/project/app/node_modules/leaflet/dist/leaflet-src.js?commonjs-es-import is dynamically imported by /home/engine/project/app/src/components/RockhoundMap.tsx but also statically imported by /home/engine/project/app/node_modules/@react-leaflet/core/lib/dom.js, /home/engine/project/app/node_modules/@react-leaflet/core/lib/media-overlay.js, /home/engine/project/app/node_modules/react-leaflet/lib/AttributionControl.js, /home/engine/project/app/node_modules/react-leaflet/lib/Circle.js, /home/engine/project/app/node_modules/react-leaflet/lib/CircleMarker.js, /home/engine/project/app/node_modules/react-leaflet/lib/FeatureGroup.js, /home/engine/project/app/node_modules/react-leaflet/lib/GeoJSON.js, /home/engine/project/app/node_modules/react-leaflet/lib/ImageOverlay.js, /home/engine/project/app/node_modules/react-leaflet/lib/LayerGroup.js, /home/engine/project/app/node_modules/react-leaflet/lib/LayersControl.js, /home/engine/project/app/node_modules/react-leaflet/lib/MapContainer.js, /home/engine/project/app/node_modules/react-leaflet/lib/Marker.js, /home/engine/project/app/node_modules/react-leaflet/lib/Polygon.js, /home/engine/project/app/node_modules/react-leaflet/lib/Polyline.js, /home/engine/project/app/node_modules/react-leaflet/lib/Popup.js, /home/engine/project/app/node_modules/react-leaflet/lib/Rectangle.js, /home/engine/project/app/node_modules/react-leaflet/lib/SVGOverlay.js, /home/engine/project/app/node_modules/react-leaflet/lib/ScaleControl.js, /home/engine/project/app/node_modules/react-leaflet/lib/TileLayer.js, /home/engine/project/app/node_modules/react-leaflet/lib/Tooltip.js, /home/engine/project/app/node_modules/react-leaflet/lib/VideoOverlay.js, /home/engine/project/app/node_modules/react-leaflet/lib/WMSTileLayer.js, /home/engine/project/app/node_modules/react-leaflet/lib/ZoomControl.js, dynamic import will not move module into another chunk.

computing gzip size...
dist/client/assets/RockhoundMap-CIGW-MKW.css       15.61 kB │ gzip:   6.46 kB
dist/client/assets/app-BGUxz5tP.css                53.46 kB │ gzip:   8.65 kB
dist/client/assets/chevron-right-B-q5Triv.js        0.14 kB │ gzip:   0.15 kB
dist/client/assets/community-DxwxSdNm.js            0.15 kB │ gzip:   0.15 kB
dist/client/assets/plus-CRrPYhNx.js                 0.17 kB │ gzip:   0.16 kB
dist/client/assets/x-BkN82ZUj.js                    0.17 kB │ gzip:   0.16 kB
dist/client/assets/clock-DFBNMNSi.js                0.18 kB │ gzip:   0.17 kB
dist/client/assets/search-B4_95JaM.js               0.18 kB │ gzip:   0.17 kB
dist/client/assets/user-CzvK-8pN.js                 0.20 kB │ gzip:   0.19 kB
dist/client/assets/message-square-DSeRLZZ8.js       0.25 kB │ gzip:   0.21 kB
dist/client/assets/compass-DEnSb3Lc.js              0.26 kB │ gzip:   0.22 kB
dist/client/assets/funnel-CuNZ1enY.js               0.26 kB │ gzip:   0.22 kB
dist/client/assets/map-pin-JGgiryGK.js              0.27 kB │ gzip:   0.23 kB
dist/client/assets/heart-5xTbyM3M.js                0.27 kB │ gzip:   0.23 kB
dist/client/assets/zap-By2IgWXw.js                  0.27 kB │ gzip:   0.22 kB
dist/client/assets/navigation-ChQu3PBp.js           0.28 kB │ gzip:   0.23 kB
dist/client/assets/award-BxRYKUl3.js                0.28 kB │ gzip:   0.23 kB
dist/client/assets/users-CQudbPMZ.js                0.32 kB │ gzip:   0.24 kB
dist/client/assets/shield-check-CzKywS9A.js         0.33 kB │ gzip:   0.26 kB
dist/client/assets/camera-D8IZziVA.js               0.35 kB │ gzip:   0.26 kB
dist/client/assets/shopping-bag-Cctwy_dW.js         0.35 kB │ gzip:   0.25 kB
dist/client/assets/share-2-C3i6d_EI.js              0.36 kB │ gzip:   0.24 kB
dist/client/assets/_community-layout-Bb4QlS-c.js    1.28 kB │ gzip:   0.64 kB
dist/client/assets/createLucideIcon-BiCqcaEO.js     1.38 kB │ gzip:   0.78 kB
dist/client/assets/index-DDUqCpba.js                2.88 kB │ gzip:   1.05 kB
dist/client/assets/guide-DPly5H8m.js                3.39 kB │ gzip:   1.31 kB
dist/client/assets/auth-CS9DVPBO.js                 3.55 kB │ gzip:   1.21 kB
dist/client/assets/_mineralId-CP7BlNJa.js           3.71 kB │ gzip:   1.12 kB
dist/client/assets/_roomSlug-CtrFASH0.js            4.46 kB │ gzip:   1.71 kB
dist/client/assets/classifieds-CJI-mhqS.js          5.22 kB │ gzip:   1.81 kB
dist/client/assets/jobs-D-KOmsKI.js                 7.11 kB │ gzip:   2.40 kB
dist/client/assets/explore-Uwv6P3Ti.js              7.18 kB │ gzip:   2.26 kB
dist/client/assets/api-Dsm0Qelj.js                  9.30 kB │ gzip:   3.43 kB
dist/client/assets/index-9jWJhApz.js               12.57 kB │ gzip:   3.29 kB
dist/client/assets/profile-BZ5_AsUN.js             15.06 kB │ gzip:   4.15 kB
dist/client/assets/_locationId-BB42JPn1.js         23.45 kB │ gzip:   6.05 kB
dist/client/assets/RockhoundMap-B5jX1MbD.js       159.35 kB │ gzip:  47.00 kB
dist/client/assets/main-CkHm3wB3.js               433.40 kB │ gzip: 134.12 kB
✓ built in 7.33s
vite v7.3.1 building ssr environment for production...
transforming...
"createRequestHandler", "defineHandlerCallback", "transformPipeableStreamWithRouter" and "transformReadableStreamWithRouter" are imported from external module "@tanstack/router-core/ssr/server" but never used in "node_modules/@tanstack/start-server-core/dist/esm/index.js".
"RawStream" is imported from external module "@tanstack/router-core" but never used in "node_modules/@tanstack/start-client-core/dist/esm/index.js".
"hydrate" and "json" are imported from external module "@tanstack/router-core/ssr/client" but never used in "node_modules/@tanstack/start-client-core/dist/esm/index.js".
✓ 73 modules transformed.
rendering chunks...
dist/server/assets/start-HYkvq4Ni.js                        0.06 kB
dist/server/assets/api-B4qLQuEf.js                          0.12 kB
dist/server/assets/community-DOW3eXuj.js                    0.21 kB
dist/server/assets/_community-layout-ltip5GQG.js            1.69 kB
dist/server/assets/index-B3nF9RJC.js                        4.09 kB
dist/server/assets/_tanstack-start-manifest_v-Cvj9wGxX.js   4.65 kB
dist/server/assets/guide-BqrEKXxC.js                        4.66 kB
dist/server/assets/auth-CNoyFA3x.js                         4.89 kB
dist/server/assets/_mineralId-K9gKkVHv.js                   5.44 kB
dist/server/assets/_roomSlug-CrXLcxjf.js                    6.27 kB
dist/server/assets/jobs-CtLB28Tr.js                         6.78 kB
dist/server/assets/classifieds-NJWrvWg1.js                  6.87 kB
dist/server/assets/router-67h4Nvoo.js                       7.78 kB
dist/server/assets/RockhoundMap-CuR7PqP7.js                 9.52 kB
dist/server/assets/explore-CXs-v6Fv.js                      9.82 kB
dist/server/assets/index-BTsyuxQ9.js                       16.98 kB
dist/server/assets/profile-MHKiXDDL.js                     19.89 kB
dist/server/assets/_locationId-DRE_dPM3.js                 31.54 kB
dist/server/server.js                                      37.76 kB
✓ built in 1.11s
src/routes/locations/.tsx(115,90): error TS1005: ',' expected.
